l1 back size = 0
l1 forw size = 1
l1 data size = 4
l1 data      = 1 2 3 4
l1 grad size = 4
l1 grad      = 3 1 5 5
l2 back size = 0
l2 forw size = 1
l2 data size = 4
l2 data      = 3 1 5 5
l2 grad size = 4
l2 grad      = 1 2 3 4
d1 back size = 2
d1 forw size = 0
d1 data size = 1
d1 data      = 40
d1 grad size = 1
d1 grad      = 1
